[17:13:21] Health check:
[17:13:21]   RAM: 1.2 GB used
[17:13:21]   GPU: Tesla T4 (15.6 GB)
[17:13:21]   TF32: True
[17:13:21]   XGBoost device: cuda
[17:13:21]   LightGBM device: gpu
[17:13:21]   AMP: BF16
[17:13:21]   CPU cores: 8
[17:13:21]   OOF subsample: 1.0
[17:13:21]   ACI buffer size: 500
[17:13:21]   BiLSTM batch: 512  stride: 2
[17:13:21]   ET max_depth: 25  max_samples: 0.3
[17:13:21] Running horizons SEQUENTIALLY (PARALLEL_HORIZONS=False)
[17:13:21]   train.parquet  (0.6 MB)
[17:13:21]   val.parquet  (0.2 MB)
[17:13:21]   test.parquet  (0.2 MB)
[17:13:21]   sizes: train=192,789  val=64,263  test=64,356
[17:13:21]   temporal ordering: OK
[17:13:21]   RAM after load: 1.2 GB
[17:13:21] Building features...
[17:13:21]     train...
[17:13:21]     computing rolling cache for 'train'...
[17:13:22]     rolling cache 'train' ready  [1.3GB]
[17:13:23]     val...
[17:13:23]     computing rolling cache for 'val'...
[17:13:23]     rolling cache 'val' ready  [1.4GB]
[17:13:23]     test...
[17:13:23]     computing rolling cache for 'test'...
[17:13:24]     rolling cache 'test' ready  [1.5GB]
[17:13:24]   Features: all=79  XGB=34  LGBM=60
[17:13:25]   Clean: train=192,696  val=64,170  test=64,263  [1.7GB]
[17:13:25] Extracting arrays...
[17:13:25]   DFs freed  [1.9GB]
[17:13:25] 1/14  Naive (CPU + MEM)
[17:13:25]   CPU  R2=0.7852  MAE=3.236
[17:13:25]   MEM  R2=1.0000  MAE=0.000
[17:13:25] 2-3/14  ETS + ARIMA (parallel rolling)...
[17:13:25]   ETS/ARIMA on 20 containers (parallel, n_jobs=-1)
[17:13:30]   ETS: 20 ok, 420 forecasts, 0 fallback
[17:13:30]   ETS: R2=0.7867  MAE=3.229
[17:13:30]   ARIMA: R2=0.7852  MAE=3.236
[17:13:30] 4/14  Linear Regression (Ridge, solver=lsqr)
[17:13:31]   R2=0.7912  vs naive: +0.60pp
[17:13:31] 5/14  XGBoost [GPU]
[17:13:35]   R2=0.9153  vs naive: +13.01pp  (3.9s)
[17:13:35] 6/14  LightGBM [GPU]
[17:13:49]   R2=0.8457  vs naive: +6.05pp
[17:13:49] 7/14  ExtraTrees (max_depth=25, max_samples=0.3)
[17:14:01]   R2=0.9097  vs naive: +12.45pp  (11.7s)
[17:14:01] 8/14  BiLSTM (Optuna HPO + fast MC Dropout) [BF16]
[17:14:01]     Optuna or PyTorch unavailable -- using default BiLSTM params
[17:14:01]     Training final BiLSTM...
[17:14:48]       ep   1/50  train=65.569963  val=83.777946  R2=0.0369 *
[17:14:50]       ep   2/50  train=55.606317  val=70.286087  R2=0.1920 *
[17:14:51]       ep   3/50  train=46.813236  val=58.742157  R2=0.3247 *
[17:14:53]       ep   4/50  train=39.946243  val=50.853264  R2=0.4154 *
[17:14:55]       ep   5/50  train=35.163275  val=44.976383  R2=0.4829 *
[17:14:57]       ep   6/50  train=31.559725  val=42.027439  R2=0.5168 *
[17:14:58]       ep   7/50  train=29.270611  val=37.244030  R2=0.5718 *
[17:15:02]       ep   9/50  train=25.779513  val=34.891727  R2=0.5989 *
[17:15:04]       ep  10/50  train=24.261683  val=32.324734  R2=0.6284 *
[17:15:05]       ep  11/50  train=23.049777  val=31.083731  R2=0.6426 *
[17:15:07]       ep  12/50  train=22.247367  val=30.657782  R2=0.6475 *
[17:15:09]       ep  13/50  train=20.961081  val=30.285284  R2=0.6518 *
[17:15:13]       ep  15/50  train=19.263389  val=29.072247  R2=0.6658 *
[17:15:18]       ep  18/50  train=17.400785  val=28.379362  R2=0.6737 *
[17:15:19]       ep  19/50  train=16.597366  val=27.111008  R2=0.6883 *
[17:15:21]       ep  20/50  train=16.275172  val=27.956753  R2=0.6786
[17:15:23]       ep  21/50  train=15.947240  val=26.360712  R2=0.6969 *
[17:15:32]       ep  26/50  train=14.037156  val=26.235317  R2=0.6984 *
[17:15:37]       ep  29/50  train=12.972607  val=26.051949  R2=0.7005 *
[17:15:39]       ep  30/50  train=12.627885  val=28.445902  R2=0.6730
[17:15:47]       ep  35/50  train=11.368403  val=25.987043  R2=0.7012 *
[17:15:56]       ep  40/50  train=10.594014  val=28.983925  R2=0.6668
[17:16:05]       early stop at epoch 45
[17:16:31]       BiLSTM final val R2: 0.7012
[17:16:56]   R2=0.9369  on 64,252 samples  vs naive: +15.17pp
[17:16:56]     MC Dropout uncertainty (fast path -- LSTM cached)...
[17:17:22]     MC coverage: 29.6%  width: 0.941
[17:17:22]     BiLSTM OOF for ensemble...
[17:17:22]     BiLSTM OOF fold 1/3
[17:19:18]     BiLSTM OOF fold 2/3
[17:21:24]     BiLSTM OOF fold 3/3
[17:23:29]     BiLSTM OOF R2: 0.0017
[17:23:30] 9/14  Homo Ensemble: XGB + LGB + ET -> NNLS
[17:23:34]     XGB-oof OOF R2: 0.2225  (infilled 32116)
[17:23:42]     LGB-oof OOF R2: 0.0136  (infilled 32116)
[17:24:22]     ET-oof OOF R2: 0.1597  (infilled 32116)
[17:24:23]   R2=0.8542  NNLS: XGB=0.879  LGB=0.000  ET=0.121  (52.9s)
[17:24:23] 10/14  Hetero Ensemble (CPU)
[17:24:23]     4-model alignment: 144,489 samples
[17:24:23]     BiLSTM covers 64252/64263 samples (offset=11)
[17:24:23]   R2=0.8545  NNLS: XGB=0.988  LGB=0.000  ET=0.000  BiLSTM=0.012
[17:24:23]     64,252 hetero, 11 fallback
[17:24:23] 11/14  Homo Ensemble (MEM): SKIPPED -- no memory data (ByteDance IaaS)
[17:24:23] 11/14  Homo Ensemble (MEM): cached
[17:24:23] 12/14  Post-processing + ACI uncertainty quantification...
[17:24:32]     Fitting ACI estimator (AgACI, same arch as homo_ensemble)...
[17:24:46]     ACI calibration (AgACI -- Zaffran et al. ICML 2022)...
[17:25:14]       AgACI coverage: 80.8%  target: 80%  cal_error: 0.8pp  mean_width: 6.958
[17:25:14]       expert weights: {0.01: 0.259, 0.02: 0.257, 0.05: 0.249, 0.1: 0.236}
[17:25:14]       per-gamma cov:  {'gamma_0.01': 79.88, 'gamma_0.02': 79.78, 'gamma_0.05': 79.46, 'gamma_0.1': 78.92}
[17:25:14]       ACI buffer size: 500 residuals
[17:25:14] 13/14  Ablation -- CPU...
[17:25:52] Ablation -- MEM...
[17:26:00] 14/14  Per-cluster analysis...
