
=== 10min (h_steps=2) ===
  ensemble pred shape=(1670443,)
  reconstructed flat array length: 1,670,443  (pred_hetero len: 1,670,443)
  chronos points: 98,389  paired: 98,389  missed: 0  oob: 0
  y_true drift (raw vs chronos npz): max=0.00e+00  mean=0.00e+00
  paired sample (N=98,389):
    ensemble  R2=0.9224  MAE=0.9744
    chronos-2 R2=0.9190  MAE=1.0393
    gap (ens-c2): R2=+0.33pp  MAE=-0.0649
    DM-MSE stat=-2.008  p_two=0.0446
    DM-MAE stat=-14.721  p_two=0.0000

=== 30min (h_steps=6) ===
  ensemble pred shape=(1650759,)
  reconstructed flat array length: 1,650,759  (pred_hetero len: 1,650,759)
  chronos points: 98,385  paired: 98,385  missed: 0  oob: 0
  y_true drift (raw vs chronos npz): max=0.00e+00  mean=0.00e+00
  paired sample (N=98,385):
    ensemble  R2=0.8375  MAE=1.7608
    chronos-2 R2=0.8572  MAE=1.7297
    gap (ens-c2): R2=-1.97pp  MAE=+0.0311
    DM-MSE stat=+7.414  p_two=0.0000
    DM-MAE stat=+4.450  p_two=0.0000

=== 60min (h_steps=12) ===
  ensemble pred shape=(1621233,)
  reconstructed flat array length: 1,621,233  (pred_hetero len: 1,621,233)
  chronos points: 98,373  paired: 98,373  missed: 0  oob: 0
  y_true drift (raw vs chronos npz): max=0.00e+00  mean=0.00e+00
  paired sample (N=98,373):
    ensemble  R2=0.8029  MAE=2.1173
    chronos-2 R2=0.8241  MAE=2.0784
    gap (ens-c2): R2=-2.12pp  MAE=+0.0389
    DM-MSE stat=+6.096  p_two=0.0000
    DM-MAE stat=+4.109  p_two=0.0000

=== 120min (h_steps=24) ===
  ensemble pred shape=(1562181,)
  reconstructed flat array length: 1,562,181  (pred_hetero len: 1,562,181)
  chronos points: 98,315  paired: 98,315  missed: 0  oob: 0
  y_true drift (raw vs chronos npz): max=0.00e+00  mean=0.00e+00
  paired sample (N=98,315):
    ensemble  R2=0.7584  MAE=2.4604
    chronos-2 R2=0.7612  MAE=2.5832
    gap (ens-c2): R2=-0.28pp  MAE=-0.1229
    DM-MSE stat=+0.665  p_two=0.5063
    DM-MAE stat=-7.955  p_two=0.0000

wrote dm_ensemble_vs_chronos2.csv
Horizon     N   R2_ens  R2_chronos  R2_gap_pp  MAE_ens  MAE_chronos   MAE_gap  DM_MSE_stat  DM_MSE_p  DM_MSE_sig05  DM_MAE_stat  DM_MAE_p  DM_MAE_sig05  DM_bandwidth
  10min 98389 0.922363    0.919049     0.3314 0.974420     1.039273 -0.064854      -2.0085  0.044598          True     -14.7207  0.000000          True             1
  30min 98385 0.837487    0.857217    -1.9730 1.760784     1.729673  0.031111       7.4136  0.000000          True       4.4504  0.000009          True             5
  60min 98373 0.802915    0.824094    -2.1179 2.117295     2.078437  0.038857       6.0963  0.000000          True       4.1089  0.000040          True            11
 120min 98315 0.758416    0.761177    -0.2761 2.460384     2.583241 -0.122857       0.6645  0.506349         False      -7.9549  0.000000          True            23
